// Jest Snapshot v1, https://goo.gl/fbAQLP

exports[`should render ExpenseListItem with an expense 1`] = `
<[object Object]
  className="list-item"
  to="/edit/3"
>
  <div>
    <h3
      className="list-item__title"
    >
      Credit Card
    </h3>
    <span
      className="list-item__sub-title"
    >
      December12 28th, 1969
    </span>
  </div>
  <h3
    className="list-item__data"
  >
    $45.00
  </h3>
</[object Object]>
`;
