// Jest Snapshot v1, https://goo.gl/fbAQLP

exports[`should render Header correctly 1`] = `
<header>
  <h1>
    Expensify
  </h1>
  <button
    onClick={[Function]}
  >
    Log Out
  </button>
  <div>
    <[object Object]
      activeClassName="is-active"
      to="/dashboard"
    >
      Go home
    </[object Object]>
  </div>
  <div>
    <[object Object]
      activeClassName="is-active"
      to="/create"
    >
      Create
    </[object Object]>
  </div>
</header>
`;
