// Jest Snapshot v1, https://goo.gl/fbAQLP

exports[`should render LoginPage correctly 1`] = `
<div>
  This is the LoginPage Component
  <button
    onClick={[Function]}
  >
    Login
  </button>
</div>
`;
